[14:53:10] 检测到爱心=18，实时心降到 3 颗即完全停止
[14:53:10] [第1轮] 开始新一轮…
[14:53:11] 正在点击 设置…
[14:53:12] 正在点击 保存并退出…
[14:53:13] 等待 开始游戏-绿 出现中… 当前相似度 16.6%
[14:53:14] 等待 开始游戏-绿 出现中… 当前相似度 0.0%
[14:53:15] 识别到 开始游戏-绿（相似度 64.9%）
[14:53:15] [第1轮] 开始游戏-绿 √
[14:53:15] 等待 开始游戏-黄 出现中… 当前相似度 17.5%
[14:53:16] 识别到 开始游戏-黄（相似度 81.3%）
[14:53:16] [第1轮] 开始游戏-黄 √
[14:53:16] 连点黄色中… 识别到爱心 0 个
[14:53:16] 连点黄色中… 识别到爱心 0 个
[14:53:16] 连点黄色中… 识别到爱心 18 个
[14:53:16] 已识别到爱心（≥4），停止连点，进入游戏
[14:53:19] [第1轮] 已进入游戏
[14:53:19] [第1轮] 点击祭坛前计数=18
[14:53:20] [区域1] 第1次文字: （最像  0%）
[14:53:20] [区域2] 第1次文字: （最像  0%）
[14:53:21] [区域1] 第2次文字: （最像  0%）
[14:53:21] [区域2] 第2次文字: （最像  0%）
[14:53:21] [第1轮] 两区文字均未见终结，强制结束Forager
[14:53:22] [第2轮] 开始新一轮…
[14:53:22] [第2轮] 已强制结束重建Forager，本轮为重启轮：绿色开始游戏使用连点
[14:53:25] 全自动已停止
[14:53:25] [第2轮] 等待 开始游戏-黄（已被停止，退出本轮）
